unit,sex,age,region,year,value
YR,F,Y_LT1,PT,2021,84.3
YR,F,Y14,PT,2020,70.4
YR,M,Y52,PT,2020,28.1
YR,T,Y56,PT,2020,27.4
YR,M,Y47,PT,2020,32.6
YR,M,Y44,PT,2020,35.3
YR,F,Y50,PT,2020,35.2
YR,M,Y60,PT,2020,21.6
YR,M,Y48,PT,2020,31.7
YR,T,Y32,PT,2020,49.8
YR,M,Y26,PT,2020,52.5
YR,F,Y80,PT,2020,9.6
YR,M,Y17,PT,2020,61.3
YR,F,Y4,PT,2020,80.3
YR,M,Y63,PT,2020,19.3
YR,F,Y79,PT,2020,10.3
YR,T,Y17,PT,2020,64.5
YR,F,Y72,PT,2020,15.6
YR,T,Y71,PT,2020,15.1
YR,F,Y_LT1,PT,2020,84.1
YR,T,Y7,PT,2020,74.4
YR,F,Y14,PT,2019,71.1
YR,M,Y52,PT,2019,28.9
YR,T,Y56,PT,2019,28.1
YR,M,Y47,PT,2019,33.3
YR,M,Y44,PT,2019,36.1
YR,F,Y50,PT,2019,36.0
YR,M,Y60,PT,2019,22.2
YR,M,Y48,PT,2019,32.4
YR,T,Y32,PT,2019,50.6
YR,M,Y26,PT,2019,53.3
YR,F,Y80,PT,2019,10.2
YR,M,Y17,PT,2019,62.1
YR,F,Y4,PT,2019,81.1
YR,M,Y63,PT,2019,19.9
YR,F,Y79,PT,2019,10.9
YR,T,Y17,PT,2019,65.2
YR,F,Y72,PT,2019,16.3
YR,T,Y71,PT,2019,15.8
YR,F,Y_LT1,PT,2019,84.8
YR,T,Y7,PT,2019,75.2
YR,F,Y14,PT,2018,70.9
YR,M,Y52,PT,2018,28.6
YR,T,Y56,PT,2018,27.8
YR,M,Y47,PT,2018,33.0
YR,M,Y44,PT,2018,35.7
YR,F,Y50,PT,2018,35.7
YR,M,Y60,PT,2018,22.0
YR,M,Y48,PT,2018,32.1
YR,T,Y32,PT,2018,50.2
YR,M,Y26,PT,2018,53.0
YR,F,Y80,PT,2018,10.0
YR,M,Y17,PT,2018,61.7
YR,F,Y4,PT,2018,80.8
YR,M,Y63,PT,2018,19.7
YR,F,Y79,PT,2018,10.7
YR,T,Y17,PT,2018,64.9
YR,F,Y72,PT,2018,16.0
YR,T,Y71,PT,2018,15.5
YR,F,Y_LT1,PT,2018,84.5
YR,T,Y7,PT,2018,74.8
YR,F,Y14,PT,2017,70.9
YR,M,Y52,PT,2017,28.7
YR,T,Y56,PT,2017,27.9
YR,M,Y47,PT,2017,33.0
YR,M,Y44,PT,2017,35.8
YR,F,Y50,PT,2017,35.7
YR,M,Y60,PT,2017,22.1
YR,M,Y48,PT,2017,32.1
YR,T,Y32,PT,2017,50.3
YR,M,Y26,PT,2017,53.0
YR,F,Y80,PT,2017,10.1
YR,M,Y17,PT,2017,61.8
YR,F,Y4,PT,2017,80.8
YR,M,Y63,PT,2017,19.8
YR,F,Y79,PT,2017,10.8
YR,T,Y17,PT,2017,64.9
YR,F,Y72,PT,2017,16.1
YR,T,Y71,PT,2017,15.6
YR,F,Y_LT1,PT,2017,84.6
YR,T,Y7,PT,2017,74.9
YR,F,Y14,PT,2016,70.7
YR,M,Y52,PT,2016,28.4
YR,T,Y56,PT,2016,27.6
YR,M,Y47,PT,2016,32.7
YR,M,Y44,PT,2016,35.5
YR,F,Y50,PT,2016,35.5
YR,M,Y60,PT,2016,21.8
YR,M,Y48,PT,2016,31.8
YR,T,Y32,PT,2016,50.0
YR,M,Y26,PT,2016,52.8
YR,F,Y80,PT,2016,9.9
YR,M,Y17,PT,2016,61.5
YR,F,Y4,PT,2016,80.6
YR,M,Y63,PT,2016,19.5
YR,F,Y79,PT,2016,10.5
YR,T,Y17,PT,2016,64.7
YR,F,Y72,PT,2016,15.9
YR,T,Y71,PT,2016,15.3
YR,F,Y_LT1,PT,2016,84.3
YR,T,Y7,PT,2016,74.6
YR,F,Y14,PT,2015,70.6
YR,M,Y52,PT,2015,28.5
YR,T,Y56,PT,2015,27.6
YR,M,Y47,PT,2015,32.8
YR,M,Y44,PT,2015,35.6
YR,F,Y50,PT,2015,35.4
YR,M,Y60,PT,2015,21.9
YR,M,Y48,PT,2015,32.0
YR,T,Y32,PT,2015,50.0
YR,M,Y26,PT,2015,52.8
YR,F,Y80,PT,2015,9.7
YR,M,Y17,PT,2015,61.5
YR,F,Y4,PT,2015,80.5
YR,M,Y63,PT,2015,19.6
YR,F,Y79,PT,2015,10.4
YR,T,Y17,PT,2015,64.7
YR,F,Y72,PT,2015,15.7
YR,T,Y71,PT,2015,15.3
YR,F,Y_LT1,PT,2015,84.3
YR,T,Y7,PT,2015,74.6
YR,F,Y14,PT,2014,70.7
YR,M,Y52,PT,2014,28.5
YR,T,Y56,PT,2014,27.7
YR,M,Y47,PT,2014,32.8
YR,M,Y44,PT,2014,35.5
YR,F,Y50,PT,2014,35.6
YR,M,Y60,PT,2014,22.0
YR,M,Y48,PT,2014,31.9
YR,T,Y32,PT,2014,50.0
YR,M,Y26,PT,2014,52.7
YR,F,Y80,PT,2014,10.0
YR,M,Y17,PT,2014,61.4
YR,F,Y4,PT,2014,80.7
YR,M,Y63,PT,2014,19.6
YR,F,Y79,PT,2014,10.7
YR,T,Y17,PT,2014,64.7
YR,F,Y72,PT,2014,16.0
YR,T,Y71,PT,2014,15.5
YR,F,Y_LT1,PT,2014,84.4
YR,T,Y7,PT,2014,74.6
YR,F,Y14,PT,2013,70.3
YR,M,Y52,PT,2013,28.1
YR,T,Y56,PT,2013,27.4
YR,M,Y47,PT,2013,32.5
YR,M,Y44,PT,2013,35.2
YR,F,Y50,PT,2013,35.2
YR,M,Y60,PT,2013,21.6
YR,M,Y48,PT,2013,31.6
YR,T,Y32,PT,2013,49.6
YR,M,Y26,PT,2013,52.3
YR,F,Y80,PT,2013,9.8
YR,M,Y17,PT,2013,61.0
YR,F,Y4,PT,2013,80.3
YR,M,Y63,PT,2013,19.3
YR,F,Y79,PT,2013,10.4
YR,T,Y17,PT,2013,64.3
YR,F,Y72,PT,2013,15.7
YR,T,Y71,PT,2013,15.1
YR,F,Y_LT1,PT,2013,84.0
YR,T,Y7,PT,2013,74.2
YR,F,Y14,PT,2012,70.0
YR,M,Y52,PT,2012,28.0
YR,T,Y56,PT,2012,27.2
YR,M,Y47,PT,2012,32.3
YR,M,Y44,PT,2012,35.0
YR,F,Y50,PT,2012,34.9
YR,M,Y60,PT,2012,21.5
YR,M,Y48,PT,2012,31.4
YR,T,Y32,PT,2012,49.3
YR,M,Y26,PT,2012,52.0
YR,F,Y80,PT,2012,9.5
YR,M,Y17,PT,2012,60.8
YR,F,Y4,PT,2012,79.9
YR,M,Y63,PT,2012,19.1
YR,F,Y79,PT,2012,10.1
YR,T,Y17,PT,2012,64.0
YR,F,Y72,PT,2012,15.4
YR,T,Y71,PT,2012,14.9
YR,F,Y_LT1,PT,2012,83.6
YR,T,Y7,PT,2012,73.9
YR,F,Y14,PT,2011,70.2
YR,M,Y52,PT,2011,28.1
YR,T,Y56,PT,2011,27.4
YR,M,Y47,PT,2011,32.4
YR,M,Y44,PT,2011,35.1
YR,F,Y50,PT,2011,35.1
YR,M,Y60,PT,2011,21.6
YR,M,Y48,PT,2011,31.5
YR,T,Y32,PT,2011,49.5
YR,M,Y26,PT,2011,52.1
YR,F,Y80,PT,2011,9.9
YR,M,Y17,PT,2011,60.8
YR,F,Y4,PT,2011,80.1
YR,M,Y63,PT,2011,19.3
YR,F,Y79,PT,2011,10.5
YR,T,Y17,PT,2011,64.1
YR,F,Y72,PT,2011,15.7
YR,T,Y71,PT,2011,15.2
YR,F,Y_LT1,PT,2011,83.8
YR,T,Y7,PT,2011,74.0
YR,F,Y14,PT,2010,69.5
YR,M,Y52,PT,2010,27.6
YR,T,Y56,PT,2010,26.8
YR,M,Y47,PT,2010,31.9
YR,M,Y44,PT,2010,34.6
YR,F,Y50,PT,2010,34.6
YR,M,Y60,PT,2010,21.1
YR,M,Y48,PT,2010,31.0
YR,T,Y32,PT,2010,48.8
YR,M,Y26,PT,2010,51.5
YR,F,Y80,PT,2010,9.2
YR,M,Y17,PT,2010,60.2
YR,F,Y4,PT,2010,79.4
YR,M,Y63,PT,2010,18.8
YR,F,Y79,PT,2010,9.9
YR,T,Y17,PT,2010,63.4
YR,F,Y72,PT,2010,15.1
YR,T,Y71,PT,2010,14.6
YR,F,Y_LT1,PT,2010,83.2
YR,T,Y7,PT,2010,73.3
YR,F,Y14,PT,2009,69.2
YR,M,Y52,PT,2009,27.6
YR,T,Y56,PT,2009,26.7
YR,M,Y47,PT,2009,31.8
YR,M,Y44,PT,2009,34.5
YR,F,Y50,PT,2009,34.3
YR,M,Y60,PT,2009,21.0
YR,M,Y48,PT,2009,31.0
YR,T,Y32,PT,2009,48.6
YR,M,Y26,PT,2009,51.4
YR,F,Y80,PT,2009,9.1
YR,M,Y17,PT,2009,60.0
YR,F,Y4,PT,2009,79.1
YR,M,Y63,PT,2009,18.7
YR,F,Y79,PT,2009,9.8
YR,T,Y17,PT,2009,63.2
YR,F,Y72,PT,2009,14.9
YR,T,Y71,PT,2009,14.5
YR,F,Y_LT1,PT,2009,82.8
YR,T,Y7,PT,2009,73.1
YR,F,Y14,PT,2008,69.1
YR,M,Y52,PT,2008,27.4
YR,T,Y56,PT,2008,26.5
YR,M,Y47,PT,2008,31.6
YR,M,Y44,PT,2008,34.2
YR,F,Y50,PT,2008,34.2
YR,M,Y60,PT,2008,20.8
YR,M,Y48,PT,2008,30.7
YR,T,Y32,PT,2008,48.4
YR,M,Y26,PT,2008,51.0
YR,F,Y80,PT,2008,9.0
YR,M,Y17,PT,2008,59.7
YR,F,Y4,PT,2008,79.0
YR,M,Y63,PT,2008,18.5
YR,F,Y79,PT,2008,9.6
YR,T,Y17,PT,2008,63.0
YR,F,Y72,PT,2008,14.7
YR,T,Y71,PT,2008,14.3
YR,F,Y_LT1,PT,2008,82.7
YR,T,Y7,PT,2008,72.9
YR,F,Y14,PT,2007,68.9
YR,M,Y52,PT,2007,27.2
YR,T,Y56,PT,2007,26.3
YR,M,Y47,PT,2007,31.4
YR,M,Y44,PT,2007,34.1
YR,F,Y50,PT,2007,34.0
YR,M,Y60,PT,2007,20.7
YR,M,Y48,PT,2007,30.5
YR,T,Y32,PT,2007,48.2
YR,M,Y26,PT,2007,50.8
YR,F,Y80,PT,2007,8.9
YR,M,Y17,PT,2007,59.4
YR,F,Y4,PT,2007,78.8
YR,M,Y63,PT,2007,18.4
YR,F,Y79,PT,2007,9.6
YR,T,Y17,PT,2007,62.7
YR,F,Y72,PT,2007,14.6
YR,T,Y71,PT,2007,14.2
YR,F,Y_LT1,PT,2007,82.5
YR,T,Y7,PT,2007,72.6
YR,F,Y14,PT,2006,68.9
YR,M,Y52,PT,2006,27.0
YR,T,Y56,PT,2006,26.2
YR,M,Y47,PT,2006,31.2
YR,M,Y44,PT,2006,33.8
YR,F,Y50,PT,2006,34.0
YR,M,Y60,PT,2006,20.5
YR,M,Y48,PT,2006,30.4
YR,T,Y32,PT,2006,48.0
YR,M,Y26,PT,2006,50.4
YR,F,Y80,PT,2006,9.0
YR,M,Y17,PT,2006,59.0
YR,F,Y4,PT,2006,78.8
YR,M,Y63,PT,2006,18.1
YR,F,Y79,PT,2006,9.6
YR,T,Y17,PT,2006,62.5
YR,F,Y72,PT,2006,14.7
YR,T,Y71,PT,2006,14.1
YR,F,Y_LT1,PT,2006,82.5
YR,T,Y7,PT,2006,72.4
YR,F,Y14,PT,2005,67.9
YR,M,Y52,PT,2005,26.5
YR,T,Y56,PT,2005,25.5
YR,M,Y47,PT,2005,30.7
YR,M,Y44,PT,2005,33.3
YR,F,Y50,PT,2005,33.1
YR,M,Y60,PT,2005,20.0
YR,M,Y48,PT,2005,29.8
YR,T,Y32,PT,2005,47.3
YR,M,Y26,PT,2005,49.8
YR,F,Y80,PT,2005,8.4
YR,M,Y17,PT,2005,58.4
YR,F,Y4,PT,2005,77.8
YR,M,Y63,PT,2005,17.7
YR,F,Y79,PT,2005,9.0
YR,T,Y17,PT,2005,61.7
YR,F,Y72,PT,2005,13.9
YR,T,Y71,PT,2005,13.5
YR,F,Y_LT1,PT,2005,81.5
YR,T,Y7,PT,2005,71.6
YR,F,Y14,PT,2004,68.2
YR,M,Y52,PT,2004,26.7
YR,T,Y56,PT,2004,25.8
YR,M,Y47,PT,2004,30.9
YR,M,Y44,PT,2004,33.5
YR,F,Y50,PT,2004,33.4
YR,M,Y60,PT,2004,20.1
YR,M,Y48,PT,2004,30.1
YR,T,Y32,PT,2004,47.6
YR,M,Y26,PT,2004,50.0
YR,F,Y80,PT,2004,8.8
YR,M,Y17,PT,2004,58.6
YR,F,Y4,PT,2004,78.1
YR,M,Y63,PT,2004,17.8
YR,F,Y79,PT,2004,9.4
YR,T,Y17,PT,2004,62.0
YR,F,Y72,PT,2004,14.3
YR,T,Y71,PT,2004,13.8
YR,F,Y_LT1,PT,2004,81.8
YR,T,Y7,PT,2004,71.8
YR,F,Y14,PT,2003,67.3
YR,M,Y52,PT,2003,26.1
YR,T,Y56,PT,2003,25.0
YR,M,Y47,PT,2003,30.3
YR,M,Y44,PT,2003,32.9
YR,F,Y50,PT,2003,32.6
YR,M,Y60,PT,2003,19.5
YR,M,Y48,PT,2003,29.4
YR,T,Y32,PT,2003,46.8
YR,M,Y26,PT,2003,49.3
YR,F,Y80,PT,2003,8.2
YR,M,Y17,PT,2003,57.8
YR,F,Y4,PT,2003,77.2
YR,M,Y63,PT,2003,17.2
YR,F,Y79,PT,2003,8.7
YR,T,Y17,PT,2003,61.1
YR,F,Y72,PT,2003,13.5
YR,T,Y71,PT,2003,13.1
YR,F,Y_LT1,PT,2003,80.8
YR,T,Y7,PT,2003,71.0
YR,F,Y14,PT,2002,67.4
YR,M,Y52,PT,2002,26.0
YR,T,Y56,PT,2002,25.1
YR,M,Y47,PT,2002,30.3
YR,M,Y44,PT,2002,32.8
YR,F,Y50,PT,2002,32.8
YR,M,Y60,PT,2002,19.5
YR,M,Y48,PT,2002,29.4
YR,T,Y32,PT,2002,46.8
YR,M,Y26,PT,2002,49.2
YR,F,Y80,PT,2002,8.4
YR,M,Y17,PT,2002,57.6
YR,F,Y4,PT,2002,77.3
YR,M,Y63,PT,2002,17.2
YR,F,Y79,PT,2002,9.0
YR,T,Y17,PT,2002,61.1
YR,F,Y72,PT,2002,13.7
YR,T,Y71,PT,2002,13.2
YR,F,Y_LT1,PT,2002,80.8
YR,T,Y7,PT,2002,70.9
YR,F,Y14,PT,2001,67.3
YR,M,Y52,PT,2001,25.9
YR,T,Y56,PT,2001,25.1
YR,M,Y47,PT,2001,30.2
YR,M,Y44,PT,2001,32.8
YR,F,Y50,PT,2001,32.7
YR,M,Y60,PT,2001,19.5
YR,M,Y48,PT,2001,29.4
YR,T,Y32,PT,2001,46.7
YR,M,Y26,PT,2001,49.0
YR,F,Y80,PT,2001,8.5
YR,M,Y17,PT,2001,57.4
YR,F,Y4,PT,2001,77.2
YR,M,Y63,PT,2001,17.2
YR,F,Y79,PT,2001,9.1
YR,T,Y17,PT,2001,60.9
YR,F,Y72,PT,2001,13.7
YR,T,Y71,PT,2001,13.2
YR,F,Y_LT1,PT,2001,80.7
YR,T,Y7,PT,2001,70.7
YR,F,Y14,PT,2000,67.0
YR,M,Y52,PT,2000,25.7
YR,T,Y56,PT,2000,24.8
YR,M,Y47,PT,2000,30.0
YR,M,Y44,PT,2000,32.6
YR,F,Y50,PT,2000,32.4
YR,M,Y60,PT,2000,19.2
YR,M,Y48,PT,2000,29.1
YR,T,Y32,PT,2000,46.4
YR,M,Y26,PT,2000,48.7
YR,F,Y80,PT,2000,8.3
YR,M,Y17,PT,2000,57.1
YR,F,Y4,PT,2000,76.9
YR,M,Y63,PT,2000,16.9
YR,F,Y79,PT,2000,8.8
YR,T,Y17,PT,2000,60.6
YR,F,Y72,PT,2000,13.5
YR,T,Y71,PT,2000,13.0
YR,F,Y_LT1,PT,2000,80.4
YR,T,Y7,PT,2000,70.4
YR,F,Y14,PT,1999,66.5
YR,M,Y52,PT,1999,25.3
YR,T,Y56,PT,1999,24.3
YR,M,Y47,PT,1999,29.5
YR,M,Y44,PT,1999,32.2
YR,F,Y50,PT,1999,31.9
YR,M,Y60,PT,1999,18.8
YR,M,Y48,PT,1999,28.7
YR,T,Y32,PT,1999,45.9
YR,M,Y26,PT,1999,48.2
YR,F,Y80,PT,1999,7.8
YR,M,Y17,PT,1999,56.5
YR,F,Y4,PT,1999,76.3
YR,M,Y63,PT,1999,16.5
YR,F,Y79,PT,1999,8.4
YR,T,Y17,PT,1999,60.0
YR,F,Y72,PT,1999,13.0
YR,T,Y71,PT,1999,12.6
YR,F,Y_LT1,PT,1999,79.8
YR,T,Y7,PT,1999,69.8
YR,F,Y14,PT,1998,66.4
YR,M,Y52,PT,1998,25.1
YR,T,Y56,PT,1998,24.2
YR,M,Y47,PT,1998,29.4
YR,M,Y44,PT,1998,32.0
YR,F,Y50,PT,1998,31.9
YR,M,Y60,PT,1998,18.7
YR,M,Y48,PT,1998,28.5
YR,T,Y32,PT,1998,45.8
YR,M,Y26,PT,1998,48.1
YR,F,Y80,PT,1998,7.8
YR,M,Y17,PT,1998,56.3
YR,F,Y4,PT,1998,76.2
YR,M,Y63,PT,1998,16.4
YR,F,Y79,PT,1998,8.4
YR,T,Y17,PT,1998,59.9
YR,F,Y72,PT,1998,13.0
YR,T,Y71,PT,1998,12.6
YR,F,Y_LT1,PT,1998,79.6
YR,T,Y7,PT,1998,69.7
YR,F,Y14,PT,1997,66.1
YR,M,Y52,PT,1997,25.0
YR,T,Y56,PT,1997,24.1
YR,M,Y47,PT,1997,29.3
YR,M,Y44,PT,1997,31.9
YR,F,Y50,PT,1997,31.7
YR,M,Y60,PT,1997,18.6
YR,M,Y48,PT,1997,28.4
YR,T,Y32,PT,1997,45.7
YR,M,Y26,PT,1997,47.9
YR,F,Y80,PT,1997,7.8
YR,M,Y17,PT,1997,56.2
YR,F,Y4,PT,1997,76.0
YR,M,Y63,PT,1997,16.4
YR,F,Y79,PT,1997,8.3
YR,T,Y17,PT,1997,59.7
YR,F,Y72,PT,1997,12.9
YR,T,Y71,PT,1997,12.5
YR,F,Y_LT1,PT,1997,79.4
YR,T,Y7,PT,1997,69.5
YR,F,Y14,PT,1996,65.8
YR,M,Y52,PT,1996,24.6
YR,T,Y56,PT,1996,23.7
YR,M,Y47,PT,1996,28.8
YR,M,Y44,PT,1996,31.5
YR,F,Y50,PT,1996,31.3
YR,M,Y60,PT,1996,18.3
YR,M,Y48,PT,1996,28.0
YR,T,Y32,PT,1996,45.2
YR,M,Y26,PT,1996,47.5
YR,F,Y80,PT,1996,7.5
YR,M,Y17,PT,1996,55.7
YR,F,Y4,PT,1996,75.6
YR,M,Y63,PT,1996,16.1
YR,F,Y79,PT,1996,8.0
YR,T,Y17,PT,1996,59.3
YR,F,Y72,PT,1996,12.6
YR,T,Y71,PT,1996,12.2
YR,F,Y_LT1,PT,1996,79.0
YR,T,Y7,PT,1996,69.1
YR,F,Y14,PT,1995,65.8
YR,M,Y52,PT,1995,24.8
YR,T,Y56,PT,1995,23.8
YR,M,Y47,PT,1995,29.0
YR,M,Y44,PT,1995,31.6
YR,F,Y50,PT,1995,31.3
YR,M,Y60,PT,1995,18.4
YR,M,Y48,PT,1995,28.2
YR,T,Y32,PT,1995,45.4
YR,M,Y26,PT,1995,47.7
YR,F,Y80,PT,1995,7.5
YR,M,Y17,PT,1995,55.8
YR,F,Y4,PT,1995,75.6
YR,M,Y63,PT,1995,16.1
YR,F,Y79,PT,1995,8.0
YR,T,Y17,PT,1995,59.4
YR,F,Y72,PT,1995,12.6
YR,T,Y71,PT,1995,12.2
YR,F,Y_LT1,PT,1995,79.0
YR,T,Y7,PT,1995,69.1
YR,F,Y14,PT,1994,66.0
YR,M,Y52,PT,1994,24.8
YR,T,Y56,PT,1994,23.9
YR,M,Y47,PT,1994,29.0
YR,M,Y44,PT,1994,31.7
YR,F,Y50,PT,1994,31.5
YR,M,Y60,PT,1994,18.4
YR,M,Y48,PT,1994,28.2
YR,T,Y32,PT,1994,45.5
YR,M,Y26,PT,1994,47.9
YR,F,Y80,PT,1994,7.6
YR,M,Y17,PT,1994,56.1
YR,F,Y4,PT,1994,75.7
YR,M,Y63,PT,1994,16.2
YR,F,Y79,PT,1994,8.2
YR,T,Y17,PT,1994,59.6
YR,F,Y72,PT,1994,12.8
YR,T,Y71,PT,1994,12.3
YR,F,Y_LT1,PT,1994,79.0
YR,T,Y7,PT,1994,69.4
YR,F,Y14,PT,1993,65.1
YR,M,Y52,PT,1993,24.0
YR,T,Y56,PT,1993,23.1
YR,M,Y47,PT,1993,28.2
YR,M,Y44,PT,1993,30.9
YR,F,Y50,PT,1993,30.6
YR,M,Y60,PT,1993,17.7
YR,M,Y48,PT,1993,27.4
YR,T,Y32,PT,1993,44.7
YR,M,Y26,PT,1993,47.1
YR,F,Y80,PT,1993,7.1
YR,M,Y17,PT,1993,55.3
YR,F,Y4,PT,1993,74.9
YR,M,Y63,PT,1993,15.5
YR,F,Y79,PT,1993,7.7
YR,T,Y17,PT,1993,58.7
YR,F,Y72,PT,1993,12.1
YR,T,Y71,PT,1993,11.8
YR,F,Y_LT1,PT,1993,78.1
YR,T,Y7,PT,1993,68.5
YR,F,Y14,PT,1992,65.4
YR,M,Y52,PT,1992,24.3
YR,T,Y56,PT,1992,23.4
YR,M,Y47,PT,1992,28.5
YR,M,Y44,PT,1992,31.2
YR,F,Y50,PT,1992,30.9
YR,M,Y60,PT,1992,18.1
YR,M,Y48,PT,1992,27.7
YR,T,Y32,PT,1992,44.9
YR,M,Y26,PT,1992,47.3
YR,F,Y80,PT,1992,7.3
YR,M,Y17,PT,1992,55.4
YR,F,Y4,PT,1992,75.1
YR,M,Y63,PT,1992,15.9
YR,F,Y79,PT,1992,7.9
YR,T,Y17,PT,1992,58.9
YR,F,Y72,PT,1992,12.3
YR,T,Y71,PT,1992,12.0
YR,F,Y_LT1,PT,1992,78.4
YR,T,Y7,PT,1992,68.7
YR,F,Y14,PT,1991,64.8
YR,M,Y52,PT,1991,23.9
YR,T,Y56,PT,1991,22.9
YR,M,Y47,PT,1991,28.1
YR,M,Y44,PT,1991,30.8
YR,F,Y50,PT,1991,30.4
YR,M,Y60,PT,1991,17.6
YR,M,Y48,PT,1991,27.3
YR,T,Y32,PT,1991,44.5
YR,M,Y26,PT,1991,47.0
YR,F,Y80,PT,1991,7.0
YR,M,Y17,PT,1991,55.0
YR,F,Y4,PT,1991,74.6
YR,M,Y63,PT,1991,15.5
YR,F,Y79,PT,1991,7.5
YR,T,Y17,PT,1991,58.5
YR,F,Y72,PT,1991,11.9
YR,T,Y71,PT,1991,11.6
YR,F,Y_LT1,PT,1991,77.7
YR,T,Y7,PT,1991,68.2
YR,F,Y14,PT,1990,64.7
YR,M,Y52,PT,1990,23.8
YR,T,Y56,PT,1990,22.8
YR,M,Y47,PT,1990,28.1
YR,M,Y44,PT,1990,30.7
YR,F,Y50,PT,1990,30.2
YR,M,Y60,PT,1990,17.6
YR,M,Y48,PT,1990,27.2
YR,T,Y32,PT,1990,44.4
YR,M,Y26,PT,1990,47.0
YR,F,Y80,PT,1990,6.9
YR,M,Y17,PT,1990,55.1
YR,F,Y4,PT,1990,74.4
YR,M,Y63,PT,1990,15.4
YR,F,Y79,PT,1990,7.4
YR,T,Y17,PT,1990,58.5
YR,F,Y72,PT,1990,11.8
YR,T,Y71,PT,1990,11.5
YR,F,Y_LT1,PT,1990,77.5
YR,T,Y7,PT,1990,68.2
YR,F,Y14,PT,1989,65.2
YR,M,Y52,PT,1989,24.1
YR,T,Y56,PT,1989,23.2
YR,M,Y47,PT,1989,28.4
YR,M,Y44,PT,1989,31.0
YR,F,Y50,PT,1989,30.8
YR,M,Y60,PT,1989,17.8
YR,M,Y48,PT,1989,27.5
YR,T,Y32,PT,1989,44.9
YR,M,Y26,PT,1989,47.4
YR,F,Y80,PT,1989,7.2
YR,M,Y17,PT,1989,55.5
YR,F,Y4,PT,1989,75.0
YR,M,Y63,PT,1989,15.7
YR,F,Y79,PT,1989,7.7
YR,T,Y17,PT,1989,58.9
YR,F,Y72,PT,1989,12.1
YR,T,Y71,PT,1989,11.8
YR,F,Y_LT1,PT,1989,77.9
YR,T,Y7,PT,1989,68.7
YR,F,Y14,PT,1988,64.7
YR,M,Y52,PT,1988,23.7
YR,T,Y56,PT,1988,22.8
YR,M,Y47,PT,1988,27.9
YR,M,Y44,PT,1988,30.5
YR,F,Y50,PT,1988,30.3
YR,M,Y60,PT,1988,17.4
YR,M,Y48,PT,1988,27.0
YR,T,Y32,PT,1988,44.4
YR,M,Y26,PT,1988,46.8
YR,F,Y80,PT,1988,6.9
YR,M,Y17,PT,1988,55.0
YR,F,Y4,PT,1988,74.5
YR,M,Y63,PT,1988,15.3
YR,F,Y79,PT,1988,7.5
YR,T,Y17,PT,1988,58.4
YR,F,Y72,PT,1988,11.9
YR,T,Y71,PT,1988,11.5
YR,F,Y_LT1,PT,1988,77.3
YR,T,Y7,PT,1988,68.1
YR,F,Y14,PT,1987,64.6
YR,M,Y52,PT,1987,23.7
YR,T,Y56,PT,1987,22.8
YR,M,Y47,PT,1987,27.9
YR,M,Y44,PT,1987,30.5
YR,F,Y50,PT,1987,30.2
YR,M,Y60,PT,1987,17.5
YR,M,Y48,PT,1987,27.0
YR,T,Y32,PT,1987,44.4
YR,M,Y26,PT,1987,46.9
YR,F,Y80,PT,1987,6.9
YR,M,Y17,PT,1987,55.1
YR,F,Y4,PT,1987,74.4
YR,M,Y63,PT,1987,15.4
YR,F,Y79,PT,1987,7.4
YR,T,Y17,PT,1987,58.5
YR,F,Y72,PT,1987,11.9
YR,T,Y71,PT,1987,11.6
YR,F,Y_LT1,PT,1987,77.2
YR,T,Y7,PT,1987,68.2
YR,F,Y14,PT,1986,64.4
YR,M,Y52,PT,1986,23.4
YR,T,Y56,PT,1986,22.5
YR,M,Y47,PT,1986,27.5
YR,M,Y44,PT,1986,30.1
YR,F,Y50,PT,1986,29.9
YR,M,Y60,PT,1986,17.3
YR,M,Y48,PT,1986,26.7
YR,T,Y32,PT,1986,44.0
YR,M,Y26,PT,1986,46.6
YR,F,Y80,PT,1986,6.8
YR,M,Y17,PT,1986,54.8
YR,F,Y4,PT,1986,74.1
YR,M,Y63,PT,1986,15.2
YR,F,Y79,PT,1986,7.3
YR,T,Y17,PT,1986,58.2
YR,F,Y72,PT,1986,11.7
YR,T,Y71,PT,1986,11.4
YR,F,Y_LT1,PT,1986,76.8
YR,T,Y7,PT,1986,67.9
YR,F,Y14,PT,1985,64.0
YR,M,Y52,PT,1985,23.1
YR,T,Y56,PT,1985,22.3
YR,M,Y47,PT,1985,27.3
YR,M,Y44,PT,1985,29.9
YR,F,Y50,PT,1985,29.7
YR,M,Y60,PT,1985,17.0
YR,M,Y48,PT,1985,26.4
YR,T,Y32,PT,1985,43.7
YR,M,Y26,PT,1985,46.3
YR,F,Y80,PT,1985,6.6
YR,M,Y17,PT,1985,54.6
YR,F,Y4,PT,1985,73.8
YR,M,Y63,PT,1985,14.9
YR,F,Y79,PT,1985,7.1
YR,T,Y17,PT,1985,57.9
YR,F,Y72,PT,1985,11.4
YR,T,Y71,PT,1985,11.1
YR,F,Y_LT1,PT,1985,76.5
YR,T,Y7,PT,1985,67.6
YR,F,Y14,PT,1984,63.8
YR,M,Y52,PT,1984,23.0
YR,T,Y56,PT,1984,22.1
YR,M,Y47,PT,1984,27.1
YR,M,Y44,PT,1984,29.7
YR,F,Y50,PT,1984,29.5
YR,M,Y60,PT,1984,16.9
YR,M,Y48,PT,1984,26.3
YR,T,Y32,PT,1984,43.5
YR,M,Y26,PT,1984,46.1
YR,F,Y80,PT,1984,6.5
YR,M,Y17,PT,1984,54.3
YR,F,Y4,PT,1984,73.5
YR,M,Y63,PT,1984,14.8
YR,F,Y79,PT,1984,7.0
YR,T,Y17,PT,1984,57.6
YR,F,Y72,PT,1984,11.3
YR,T,Y71,PT,1984,11.0
YR,F,Y_LT1,PT,1984,76.2
YR,T,Y7,PT,1984,67.3
YR,F,Y14,PT,1983,63.6
YR,M,Y52,PT,1983,23.0
YR,T,Y56,PT,1983,22.1
YR,M,Y47,PT,1983,27.1
YR,M,Y44,PT,1983,29.7
YR,F,Y50,PT,1983,29.4
YR,M,Y60,PT,1983,16.9
YR,M,Y48,PT,1983,26.3
YR,T,Y32,PT,1983,43.5
YR,M,Y26,PT,1983,46.1
YR,F,Y80,PT,1983,6.5
YR,M,Y17,PT,1983,54.2
YR,F,Y4,PT,1983,73.4
YR,M,Y63,PT,1983,14.8
YR,F,Y79,PT,1983,7.0
YR,T,Y17,PT,1983,57.5
YR,F,Y72,PT,1983,11.2
YR,T,Y71,PT,1983,11.0
YR,F,Y_LT1,PT,1983,75.8
YR,T,Y7,PT,1983,67.2
YR,F,Y14,PT,1982,63.8
YR,M,Y52,PT,1982,23.2
YR,T,Y56,PT,1982,22.3
YR,M,Y47,PT,1982,27.3
YR,M,Y44,PT,1982,29.9
YR,F,Y50,PT,1982,29.6
YR,M,Y60,PT,1982,17.1
YR,M,Y48,PT,1982,26.5
YR,T,Y32,PT,1982,43.7
YR,M,Y26,PT,1982,46.3
YR,F,Y80,PT,1982,6.8
YR,M,Y17,PT,1982,54.4
YR,F,Y4,PT,1982,73.6
YR,M,Y63,PT,1982,15.0
YR,F,Y79,PT,1982,7.3
YR,T,Y17,PT,1982,57.7
YR,F,Y72,PT,1982,11.4
YR,T,Y71,PT,1982,11.2
YR,F,Y_LT1,PT,1982,76.0
YR,T,Y7,PT,1982,67.4
YR,F,Y14,PT,1981,63.3
YR,M,Y52,PT,1981,22.8
YR,T,Y56,PT,1981,21.8
YR,M,Y47,PT,1981,26.9
YR,M,Y44,PT,1981,29.4
YR,F,Y50,PT,1981,29.1
YR,M,Y60,PT,1981,16.7
YR,M,Y48,PT,1981,26.0
YR,T,Y32,PT,1981,43.1
YR,M,Y26,PT,1981,45.7
YR,F,Y80,PT,1981,6.5
YR,M,Y17,PT,1981,53.7
YR,F,Y4,PT,1981,73.0
YR,M,Y63,PT,1981,14.6
YR,F,Y79,PT,1981,6.9
YR,T,Y17,PT,1981,57.1
YR,F,Y72,PT,1981,11.1
YR,T,Y71,PT,1981,10.9
YR,F,Y_LT1,PT,1981,75.2
YR,T,Y7,PT,1981,66.7
YR,F,Y14,PT,1980,63.1
YR,M,Y52,PT,1980,22.7
YR,T,Y56,PT,1980,21.7
YR,M,Y47,PT,1980,26.8
YR,M,Y44,PT,1980,29.3
YR,F,Y50,PT,1980,28.9
YR,M,Y60,PT,1980,16.6
YR,M,Y48,PT,1980,25.9
YR,T,Y32,PT,1980,43.1
YR,M,Y26,PT,1980,45.7
YR,F,Y80,PT,1980,6.4
YR,M,Y17,PT,1980,53.8
YR,F,Y4,PT,1980,72.9
YR,M,Y63,PT,1980,14.4
YR,F,Y79,PT,1980,6.9
YR,T,Y17,PT,1980,57.1
YR,F,Y72,PT,1980,10.9
YR,T,Y71,PT,1980,10.7
YR,F,Y_LT1,PT,1980,74.9
YR,T,Y7,PT,1980,66.7
YR,F,Y14,PT,1979,63.0
YR,M,Y52,PT,1979,22.7
YR,T,Y56,PT,1979,21.6
YR,M,Y47,PT,1979,26.8
YR,M,Y44,PT,1979,29.4
YR,F,Y50,PT,1979,28.8
YR,M,Y60,PT,1979,16.5
YR,M,Y48,PT,1979,25.9
YR,T,Y32,PT,1979,43.0
YR,M,Y26,PT,1979,45.7
YR,F,Y80,PT,1979,6.1
YR,M,Y17,PT,1979,53.9
YR,F,Y4,PT,1979,72.7
YR,M,Y63,PT,1979,14.3
YR,F,Y79,PT,1979,6.6
YR,T,Y17,PT,1979,57.1
YR,F,Y72,PT,1979,10.7
YR,T,Y71,PT,1979,10.5
YR,F,Y_LT1,PT,1979,74.7
YR,T,Y7,PT,1979,66.7
YR,F,Y14,PT,1978,62.5
YR,M,Y52,PT,1978,22.1
YR,T,Y56,PT,1978,21.1
YR,M,Y47,PT,1978,26.2
YR,M,Y44,PT,1978,28.8
YR,F,Y50,PT,1978,28.3
YR,M,Y60,PT,1978,16.0
YR,M,Y48,PT,1978,25.4
YR,T,Y32,PT,1978,42.4
YR,M,Y26,PT,1978,45.1
YR,F,Y80,PT,1978,5.8
YR,M,Y17,PT,1978,53.2
YR,F,Y4,PT,1978,72.2
YR,M,Y63,PT,1978,13.9
YR,F,Y79,PT,1978,6.3
YR,T,Y17,PT,1978,56.5
YR,F,Y72,PT,1978,10.3
YR,T,Y71,PT,1978,10.1
YR,F,Y_LT1,PT,1978,73.9
YR,T,Y7,PT,1978,66.1
YR,F,Y14,PT,1977,62.3
YR,M,Y52,PT,1977,21.7
YR,T,Y56,PT,1977,20.9
YR,M,Y47,PT,1977,25.8
YR,M,Y44,PT,1977,28.4
YR,F,Y50,PT,1977,28.2
YR,M,Y60,PT,1977,15.7
YR,M,Y48,PT,1977,25.0
YR,T,Y32,PT,1977,42.1
YR,M,Y26,PT,1977,44.6
YR,F,Y80,PT,1977,6.0
YR,M,Y17,PT,1977,52.8
YR,F,Y4,PT,1977,72.0
YR,M,Y63,PT,1977,13.6
YR,F,Y79,PT,1977,6.5
YR,T,Y17,PT,1977,56.2
YR,F,Y72,PT,1977,10.4
YR,T,Y71,PT,1977,10.1
YR,F,Y_LT1,PT,1977,73.7
YR,T,Y7,PT,1977,65.8
YR,F,Y14,PT,1976,61.6
YR,M,Y52,PT,1976,21.2
YR,T,Y56,PT,1976,20.4
YR,M,Y47,PT,1976,25.2
YR,M,Y44,PT,1976,27.7
YR,F,Y50,PT,1976,27.6
YR,M,Y60,PT,1976,15.2
YR,M,Y48,PT,1976,24.4
YR,T,Y32,PT,1976,41.4
YR,M,Y26,PT,1976,43.9
YR,F,Y80,PT,1976,5.7
YR,M,Y17,PT,1976,51.9
YR,F,Y4,PT,1976,71.2
YR,M,Y63,PT,1976,13.2
YR,F,Y79,PT,1976,6.1
YR,T,Y17,PT,1976,55.4
YR,F,Y72,PT,1976,9.9
YR,T,Y71,PT,1976,9.7
YR,F,Y_LT1,PT,1976,72.6
YR,T,Y7,PT,1976,65.0
YR,F,Y14,PT,1975,61.5
YR,M,Y52,PT,1975,21.2
YR,T,Y56,PT,1975,20.4
YR,M,Y47,PT,1975,25.2
YR,M,Y44,PT,1975,27.7
YR,F,Y50,PT,1975,27.5
YR,M,Y60,PT,1975,15.3
YR,M,Y48,PT,1975,24.4
YR,T,Y32,PT,1975,41.3
YR,M,Y26,PT,1975,43.7
YR,F,Y80,PT,1975,5.5
YR,M,Y17,PT,1975,51.8
YR,F,Y4,PT,1975,71.2
YR,M,Y63,PT,1975,13.3
YR,F,Y79,PT,1975,6.0
YR,T,Y17,PT,1975,55.3
YR,F,Y72,PT,1975,9.9
YR,T,Y71,PT,1975,9.7
YR,F,Y_LT1,PT,1975,72.1
YR,T,Y7,PT,1975,64.9
YR,F,Y14,PT,1974,60.8
YR,M,Y52,PT,1974,20.9
YR,T,Y56,PT,1974,19.8
YR,M,Y47,PT,1974,25.0
YR,M,Y44,PT,1974,27.5
YR,F,Y50,PT,1974,26.7
YR,M,Y60,PT,1974,14.9
YR,M,Y48,PT,1974,24.1
YR,T,Y32,PT,1974,40.9
YR,M,Y26,PT,1974,43.6
YR,F,Y80,PT,1974,4.9
YR,M,Y17,PT,1974,51.9
YR,F,Y4,PT,1974,70.4
YR,M,Y63,PT,1974,12.9
YR,F,Y79,PT,1974,5.3
YR,T,Y17,PT,1974,55.0
YR,F,Y72,PT,1974,9.1
YR,T,Y71,PT,1974,9.1
YR,F,Y_LT1,PT,1974,71.4
YR,T,Y7,PT,1974,64.6
YR,F,Y14,PT,1973,60.7
YR,M,Y52,PT,1973,21.2
YR,T,Y56,PT,1973,19.9
YR,M,Y47,PT,1973,25.2
YR,M,Y44,PT,1973,27.7
YR,F,Y50,PT,1973,26.7
YR,M,Y60,PT,1973,15.2
YR,M,Y48,PT,1973,24.4
YR,T,Y32,PT,1973,41.0
YR,M,Y26,PT,1973,43.9
YR,F,Y80,PT,1973,5.1
YR,M,Y17,PT,1973,52.2
YR,F,Y4,PT,1973,70.3
YR,M,Y63,PT,1973,13.1
YR,F,Y79,PT,1973,5.4
YR,T,Y17,PT,1973,55.1
YR,F,Y72,PT,1973,9.1
YR,T,Y71,PT,1973,9.2
YR,F,Y_LT1,PT,1973,70.6
YR,T,Y7,PT,1973,64.7
YR,F,Y14,PT,1972,61.2
YR,M,Y52,PT,1972,21.6
YR,T,Y56,PT,1972,20.3
YR,M,Y47,PT,1972,25.6
YR,M,Y44,PT,1972,28.2
YR,F,Y50,PT,1972,27.1
YR,M,Y60,PT,1972,15.6
YR,M,Y48,PT,1972,24.7
YR,T,Y32,PT,1972,41.5
YR,M,Y26,PT,1972,44.4
YR,F,Y80,PT,1972,5.5
YR,M,Y17,PT,1972,52.7
YR,F,Y4,PT,1972,70.8
YR,M,Y63,PT,1972,13.5
YR,F,Y79,PT,1972,5.9
YR,T,Y17,PT,1972,55.6
YR,F,Y72,PT,1972,9.6
YR,T,Y71,PT,1972,9.7
YR,F,Y_LT1,PT,1972,71.5
YR,T,Y7,PT,1972,65.3
YR,F,Y14,PT,1971,60.6
YR,M,Y52,PT,1971,21.0
YR,T,Y56,PT,1971,19.8
YR,M,Y47,PT,1971,25.1
YR,M,Y44,PT,1971,27.6
YR,F,Y50,PT,1971,26.7
YR,M,Y60,PT,1971,15.1
YR,M,Y48,PT,1971,24.3
YR,T,Y32,PT,1971,40.8
YR,M,Y26,PT,1971,43.7
YR,F,Y80,PT,1971,5.4
YR,M,Y17,PT,1971,52.0
YR,F,Y4,PT,1971,70.2
YR,M,Y63,PT,1971,13.1
YR,F,Y79,PT,1971,5.8
YR,T,Y17,PT,1971,54.9
YR,F,Y72,PT,1971,9.3
YR,T,Y71,PT,1971,9.3
YR,F,Y_LT1,PT,1971,69.7
YR,T,Y7,PT,1971,64.5
YR,F,Y14,PT,1970,61.3
YR,M,Y52,PT,1970,21.6
YR,T,Y56,PT,1970,20.4
YR,M,Y47,PT,1970,25.8
YR,M,Y44,PT,1970,28.3
YR,F,Y50,PT,1970,27.3
YR,M,Y60,PT,1970,15.5
YR,M,Y48,PT,1970,24.9
YR,T,Y32,PT,1970,41.6
YR,M,Y26,PT,1970,44.5
YR,F,Y80,PT,1970,5.7
YR,M,Y17,PT,1970,52.8
YR,F,Y4,PT,1970,70.8
YR,M,Y63,PT,1970,13.4
YR,F,Y79,PT,1970,6.1
YR,T,Y17,PT,1970,55.7
YR,F,Y72,PT,1970,9.7
YR,T,Y71,PT,1970,9.6
YR,F,Y_LT1,PT,1970,69.7
YR,T,Y7,PT,1970,65.3
YR,F,Y14,PT,1969,60.2
YR,M,Y52,PT,1969,20.6
YR,T,Y56,PT,1969,19.4
YR,M,Y47,PT,1969,24.6
YR,M,Y44,PT,1969,27.2
YR,F,Y50,PT,1969,26.3
YR,M,Y60,PT,1969,14.6
YR,M,Y48,PT,1969,23.8
YR,T,Y32,PT,1969,40.4
YR,M,Y26,PT,1969,43.3
YR,F,Y80,PT,1969,5.1
YR,M,Y17,PT,1969,51.6
YR,F,Y4,PT,1969,69.8
YR,M,Y63,PT,1969,12.6
YR,F,Y79,PT,1969,5.6
YR,T,Y17,PT,1969,54.5
YR,F,Y72,PT,1969,9.1
YR,T,Y71,PT,1969,9.0
YR,F,Y_LT1,PT,1969,69.0
YR,T,Y7,PT,1969,64.1
YR,F,Y14,PT,1968,61.0
YR,M,Y52,PT,1968,21.3
YR,T,Y56,PT,1968,20.1
YR,M,Y47,PT,1968,25.5
YR,M,Y44,PT,1968,28.0
YR,F,Y50,PT,1968,27.0
YR,M,Y60,PT,1968,15.3
YR,M,Y48,PT,1968,24.6
YR,T,Y32,PT,1968,41.3
YR,M,Y26,PT,1968,44.1
YR,F,Y80,PT,1968,5.5
YR,M,Y17,PT,1968,52.5
YR,F,Y4,PT,1968,70.5
YR,M,Y63,PT,1968,13.3
YR,F,Y79,PT,1968,5.9
YR,T,Y17,PT,1968,55.4
YR,F,Y72,PT,1968,9.6
YR,T,Y71,PT,1968,9.5
YR,F,Y_LT1,PT,1968,69.4
YR,T,Y7,PT,1968,65.0
YR,F,Y14,PT,1967,60.7
YR,M,Y52,PT,1967,21.1
YR,T,Y56,PT,1967,20.0
YR,M,Y47,PT,1967,25.1
YR,M,Y44,PT,1967,27.7
YR,F,Y50,PT,1967,26.9
YR,M,Y60,PT,1967,15.2
YR,M,Y48,PT,1967,24.3
YR,T,Y32,PT,1967,40.9
YR,M,Y26,PT,1967,43.7
YR,F,Y80,PT,1967,5.5
YR,M,Y17,PT,1967,52.0
YR,F,Y4,PT,1967,70.2
YR,M,Y63,PT,1967,13.1
YR,F,Y79,PT,1967,5.9
YR,T,Y17,PT,1967,55.0
YR,F,Y72,PT,1967,9.6
YR,T,Y71,PT,1967,9.5
YR,F,Y_LT1,PT,1967,69.2
YR,T,Y7,PT,1967,64.6
YR,F,Y14,PT,1966,60.4
YR,M,Y52,PT,1966,20.8
YR,T,Y56,PT,1966,19.7
YR,M,Y47,PT,1966,24.8
YR,M,Y44,PT,1966,27.3
YR,F,Y50,PT,1966,26.6
YR,M,Y60,PT,1966,14.9
YR,M,Y48,PT,1966,23.9
YR,T,Y32,PT,1966,40.6
YR,M,Y26,PT,1966,43.4
YR,F,Y80,PT,1966,5.4
YR,M,Y17,PT,1966,51.8
YR,F,Y4,PT,1966,69.9
YR,M,Y63,PT,1966,12.9
YR,F,Y79,PT,1966,5.8
YR,T,Y17,PT,1966,54.7
YR,F,Y72,PT,1966,9.4
YR,T,Y71,PT,1966,9.3
YR,F,Y_LT1,PT,1966,68.4
YR,T,Y7,PT,1966,64.3
YR,F,Y14,PT,1965,61.0
YR,M,Y52,PT,1965,21.4
YR,T,Y56,PT,1965,20.2
YR,M,Y47,PT,1965,25.4
YR,M,Y44,PT,1965,28.0
YR,F,Y50,PT,1965,27.1
YR,M,Y60,PT,1965,15.4
YR,M,Y48,PT,1965,24.6
YR,T,Y32,PT,1965,41.3
YR,M,Y26,PT,1965,44.1
YR,F,Y80,PT,1965,5.7
YR,M,Y17,PT,1965,52.5
YR,F,Y4,PT,1965,70.4
YR,M,Y63,PT,1965,13.4
YR,F,Y79,PT,1965,6.1
YR,T,Y17,PT,1965,55.4
YR,F,Y72,PT,1965,9.7
YR,T,Y71,PT,1965,9.6
YR,F,Y_LT1,PT,1965,68.9
YR,T,Y7,PT,1965,65.0
YR,F,Y14,PT,1964,60.8
YR,M,Y52,PT,1964,21.5
YR,T,Y56,PT,1964,20.3
YR,M,Y47,PT,1964,25.6
YR,M,Y44,PT,1964,28.1
YR,F,Y50,PT,1964,27.0
YR,M,Y60,PT,1964,15.6
YR,M,Y48,PT,1964,24.8
YR,T,Y32,PT,1964,41.3
YR,M,Y26,PT,1964,44.2
YR,F,Y80,PT,1964,5.7
YR,M,Y17,PT,1964,52.6
YR,F,Y4,PT,1964,70.1
YR,M,Y63,PT,1964,13.5
YR,F,Y79,PT,1964,6.2
YR,T,Y17,PT,1964,55.3
YR,F,Y72,PT,1964,9.8
YR,T,Y71,PT,1964,9.8
YR,F,Y_LT1,PT,1964,67.8
YR,T,Y7,PT,1964,64.8
YR,F,Y14,PT,1963,60.7
YR,M,Y52,PT,1963,21.4
YR,T,Y56,PT,1963,20.2
YR,M,Y47,PT,1963,25.5
YR,M,Y44,PT,1963,28.0
YR,F,Y50,PT,1963,26.9
YR,M,Y60,PT,1963,15.3
YR,M,Y48,PT,1963,24.6
YR,T,Y32,PT,1963,41.2
YR,M,Y26,PT,1963,44.1
YR,F,Y80,PT,1963,5.7
YR,M,Y17,PT,1963,52.5
YR,F,Y4,PT,1963,70.1
YR,M,Y63,PT,1963,13.3
YR,F,Y79,PT,1963,6.1
YR,T,Y17,PT,1963,55.3
YR,F,Y72,PT,1963,9.6
YR,T,Y71,PT,1963,9.6
YR,F,Y_LT1,PT,1963,67.6
YR,T,Y7,PT,1963,64.8
YR,F,Y14,PT,1962,60.9
YR,M,Y52,PT,1962,21.8
YR,T,Y56,PT,1962,20.5
YR,M,Y47,PT,1962,25.8
YR,M,Y44,PT,1962,28.4
YR,F,Y50,PT,1962,27.2
YR,M,Y60,PT,1962,15.8
YR,M,Y48,PT,1962,25.0
YR,T,Y32,PT,1962,41.5
YR,M,Y26,PT,1962,44.4
YR,F,Y80,PT,1962,6.0
YR,M,Y17,PT,1962,52.7
YR,F,Y4,PT,1962,70.2
YR,M,Y63,PT,1962,13.7
YR,F,Y79,PT,1962,6.5
YR,T,Y17,PT,1962,55.5
YR,F,Y72,PT,1962,10.0
YR,T,Y71,PT,1962,10.0
YR,F,Y_LT1,PT,1962,67.0
YR,T,Y7,PT,1962,65.0
YR,F,Y14,PT,1961,60.7
YR,M,Y52,PT,1961,21.8
YR,T,Y56,PT,1961,20.5
YR,M,Y47,PT,1961,25.9
YR,M,Y44,PT,1961,28.5
YR,F,Y50,PT,1961,27.1
YR,M,Y60,PT,1961,15.8
YR,M,Y48,PT,1961,25.1
YR,T,Y32,PT,1961,41.4
YR,M,Y26,PT,1961,44.5
YR,F,Y80,PT,1961,6.1
YR,M,Y17,PT,1961,52.8
YR,F,Y4,PT,1961,70.0
YR,M,Y63,PT,1961,13.8
YR,F,Y79,PT,1961,6.5
YR,T,Y17,PT,1961,55.4
YR,F,Y72,PT,1961,9.9
YR,T,Y71,PT,1961,10.0
YR,F,Y_LT1,PT,1961,65.4
YR,T,Y7,PT,1961,64.9
YR,F,Y14,PT,1960,60.5
YR,M,Y52,PT,1960,21.6
YR,T,Y56,PT,1960,20.3
YR,M,Y47,PT,1960,25.7
YR,M,Y44,PT,1960,28.3
YR,F,Y50,PT,1960,26.9
YR,M,Y60,PT,1960,15.6
YR,M,Y48,PT,1960,24.9
YR,T,Y32,PT,1960,41.2
YR,M,Y26,PT,1960,44.3
YR,F,Y80,PT,1960,5.7
YR,M,Y17,PT,1960,52.6
YR,F,Y4,PT,1960,69.9
YR,M,Y63,PT,1960,13.6
YR,F,Y79,PT,1960,6.2
YR,T,Y17,PT,1960,55.2
YR,F,Y72,PT,1960,9.8
YR,T,Y71,PT,1960,9.8
YR,F,Y_LT1,PT,1960,66.7
YR,T,Y7,PT,1960,64.8
